[tlaun.ch/en.html]
[backblue.gif]
[fade.gif]
[index.html]
[tlaun.ch/logo.jpg]
[tlaun.ch/ru.html]
[tlaun.ch/tr.html]
[tlaun.ch/pt-BR.html]
[tlaun.ch/vi.html]
[tlaun.ch/de.html]
[tlaun.ch/it.html]
[tlaun.ch/apple-touch-icon.png]
[tlaun.ch/favicon.svg]
[tlaun.ch/favicon-32x32.png]
[tlaun.ch/favicon-16x16.png]
[tlaun.ch/manifest.json]
[tlaun.ch/_next/static/css/0892b836287659f0.css]
[tlaun.ch/_next/static/chunks/polyfills-c67a75d1b6f99dc8.js]
[tlaun.ch/_next/static/chunks/webpack-79f9c58d06c3dab4.js]
[tlaun.ch/_next/static/chunks/framework-ac88a2a245aea9ab.js]
[tlaun.ch/_next/static/chunks/main-8b870aadb90f8e4c.js]
[tlaun.ch/_next/static/chunks/pages/_app-e3e004bf9c91d990.js]
[tlaun.ch/_next/static/chunks/989-bb4b8cf2f675c01e.js]
[tlaun.ch/_next/static/chunks/84-9867e053f91e1c04.js]
[tlaun.ch/_next/static/chunks/pages/index-06d3d344f366161c.js]
[tlaun.ch/_next/static/g6b3mCCtU7iSXcUIt-gVh/_buildManifest.js]
[tlaun.ch/_next/static/g6b3mCCtU7iSXcUIt-gVh/_ssgManifest.js]
[tlaun.ch/_next/static/media/en-light-main.36a204dc.png]
[tlaun.ch/_next/en-light-main747e.webp]
[tlaun.ch/_next/static/media/en-light-settings.080b6153.png]
[tlaun.ch/_next/en-light-settings0d86.webp]
[tlaun.ch/_next/static/media/en-light-accounts.e38a39d6.png]
[tlaun.ch/_next/en-light-accountsa162.webp]
[tlaun.ch/_next/static/media/en-light-settings2.58017533.png]
[tlaun.ch/_next/en-light-settings27061.webp]
[tlaun.ch/_next/en-light-main9957.webp]
[tlaun.ch/_next/en-light-settings42f0.webp]
[tlaun.ch/_next/en-light-accounts0a7c.webp]
[tlaun.ch/_next/en-light-settings23a7e.webp]
[tlaun.ch/repo/downloads/TL_Installer_legacy.exe]
[tlaun.ch/repo/downloads/TL_legacy.dmg]
[tlaun.ch/repo/downloads/TL_legacy.deb]
[tlaun.ch/_next/ubuntu_1d977.webp]
[tlaun.ch/_next/ubuntu_2cf4a.webp]
[tlaun.ch/_next/ubuntu_3aa62.webp]
[tlaun.ch/repo/downloads/TL_legacy.jar]
[tlaun.ch/repo/downloads/TL_Source_legacy.zip]
[tlaun.ch/repo/downloads/TL_Portable_legacy.zip]
[mc.yandex.ru/metrika/tag.js]
[tlaun.ch/en.html]
[tlaun.ch/index.html]
[tlaun.ch/_next/static/media/light-main.b69e28ff.png]
[tlaun.ch/_next/light-main0bc7.webp]
[tlaun.ch/_next/static/media/light-settings.1b0558ec.png]
[tlaun.ch/_next/light-settings7aca.webp]
[tlaun.ch/_next/static/media/light-accounts.956a2ff9.png]
[tlaun.ch/_next/light-accounts8e2a.webp]
[tlaun.ch/_next/static/media/light-settings2.af902c37.png]
[tlaun.ch/_next/light-settings2ed60.webp]
[tlaun.ch/_next/light-main596f.webp]
[tlaun.ch/_next/light-settings9450.webp]
[tlaun.ch/_next/light-accounts2e8a.webp]
[tlaun.ch/_next/light-settings212bd.webp]
[tlaun.ch/ru.html]
[tlaun.ch/tr.html]
[tlaun.ch/pt-BR.html]
[tlaun.ch/vi.html]
[tlaun.ch/de.html]
[tlaun.ch/it.html]
[tlaun.ch/favicon.svg]
[tlaun.ch/_next/static/css/0892b836287659f0.css]
